=== SNAPSHOT 2026-05-01 06:15:11 UTC ===
DONE: 0
RUNNING: 1
FAILED: 2

=== DONE ===
(none)

=== RUNNING ===
camera | file                        | status     | start_utc | elapsed | job_id                              
-------+-----------------------------+------------+-----------+---------+-------------------------------------
cam_01 | cam_01_2026-04-28_11-00.mp4 | processing | 06:13:31  | 1.7m    | b6c31eae-e7f4-4fcd-9835-62ab7f391b8d

=== FAILED ===
camera | file                        | last_seen_utc | job_id                              
-------+-----------------------------+---------------+-------------------------------------
cam_01 | cam_01_2026-04-28_11-00.mp4 | 05:19:37      | a98c4df3-a684-4da5-80de-71c76ff006fc
cam_01 | cam_01_2026-04-28_11-00.mp4 | 05:51:10      | 16858b40-d0de-4d51-8e53-e2b3a469a75f

=== STALE ===
camera | file                        | last_seen_utc | job_id                              
-------+-----------------------------+---------------+-------------------------------------
cam_01 | cam_01_2026-04-28_11-00.mp4 | 05:27:32      | 67f0f113-9246-49df-8ec8-d8ffae4a37bd

=== DB ===
(none)

=== RECENT EVENTS ===
2026-05-01 06:05:33,486 INFO metadata_app.queue_runtime Ingestion job 16858b40-d0de-4d51-8e53-e2b3a469a75f status=processing source_filename=cam_01_2026-04-28_11-00.mp4
2026-05-01 06:06:04,297 INFO metadata_app.queue_runtime Ingestion job 16858b40-d0de-4d51-8e53-e2b3a469a75f status=processing source_filename=cam_01_2026-04-28_11-00.mp4
2026-05-01 06:06:35,106 INFO metadata_app.queue_runtime Ingestion job 16858b40-d0de-4d51-8e53-e2b3a469a75f status=processing source_filename=cam_01_2026-04-28_11-00.mp4
2026-05-01 06:07:05,931 INFO metadata_app.queue_runtime Ingestion job 16858b40-d0de-4d51-8e53-e2b3a469a75f status=processing source_filename=cam_01_2026-04-28_11-00.mp4
2026-05-01 06:07:36,747 INFO metadata_app.queue_runtime Ingestion job 16858b40-d0de-4d51-8e53-e2b3a469a75f status=processing source_filename=cam_01_2026-04-28_11-00.mp4
2026-05-01 06:08:07,580 INFO metadata_app.queue_runtime Ingestion job 16858b40-d0de-4d51-8e53-e2b3a469a75f status=processing source_filename=cam_01_2026-04-28_11-00.mp4
2026-05-01 06:08:38,383 INFO metadata_app.queue_runtime Ingestion job 16858b40-d0de-4d51-8e53-e2b3a469a75f status=processing source_filename=cam_01_2026-04-28_11-00.mp4
2026-05-01 06:09:09,179 INFO metadata_app.queue_runtime Ingestion job 16858b40-d0de-4d51-8e53-e2b3a469a75f status=processing source_filename=cam_01_2026-04-28_11-00.mp4
2026-05-01 06:09:39,992 INFO metadata_app.queue_runtime Ingestion job 16858b40-d0de-4d51-8e53-e2b3a469a75f status=processing source_filename=cam_01_2026-04-28_11-00.mp4
2026-05-01 06:10:10,826 INFO metadata_app.queue_runtime Ingestion job 16858b40-d0de-4d51-8e53-e2b3a469a75f status=processing source_filename=cam_01_2026-04-28_11-00.mp4
2026-05-01 06:10:41,654 INFO metadata_app.queue_runtime Ingestion job 16858b40-d0de-4d51-8e53-e2b3a469a75f status=processing source_filename=cam_01_2026-04-28_11-00.mp4
2026-05-01 06:11:12,477 INFO metadata_app.queue_runtime Ingestion job 16858b40-d0de-4d51-8e53-e2b3a469a75f status=processing source_filename=cam_01_2026-04-28_11-00.mp4
2026-05-01 06:11:43,298 INFO metadata_app.queue_runtime Ingestion job 16858b40-d0de-4d51-8e53-e2b3a469a75f status=processing source_filename=cam_01_2026-04-28_11-00.mp4
2026-05-01 06:12:14,137 INFO metadata_app.queue_runtime Ingestion job 16858b40-d0de-4d51-8e53-e2b3a469a75f status=processing source_filename=cam_01_2026-04-28_11-00.mp4
2026-05-01 06:12:44,925 INFO metadata_app.queue_runtime Ingestion job 16858b40-d0de-4d51-8e53-e2b3a469a75f status=failed source_filename=cam_01_2026-04-28_11-00.mp4
2026-05-01 06:12:44,925 ERROR metadata_app.queue_runtime Queue sync iteration failed
2026-05-01 06:14:02,310 INFO metadata_app.queue_runtime Requesting tracking ingestion source_filename=cam_01_2026-04-28_11-00.mp4 camera_id=cam_01 endpoint=https://8000-01kpr5td5by2gc0hjq4s6zwsbt.cloudspaces.litng.ai/api/v1/ingestion/process
2026-05-01 06:14:03,896 INFO metadata_app.queue_runtime Async ingestion job queued job_id=b6c31eae-e7f4-4fcd-9835-62ab7f391b8d source_filename=cam_01_2026-04-28_11-00.mp4 camera_id=cam_01
2026-05-01 06:14:34,733 INFO metadata_app.queue_runtime Ingestion job b6c31eae-e7f4-4fcd-9835-62ab7f391b8d status=processing source_filename=cam_01_2026-04-28_11-00.mp4
2026-05-01 06:15:05,559 INFO metadata_app.queue_runtime Ingestion job b6c31eae-e7f4-4fcd-9835-62ab7f391b8d status=processing source_filename=cam_01_2026-04-28_11-00.mp4

